2025-12-06 02:26:11,593 CRIT Supervisor is running as root.  Privileges were not dropped because no user is specified in the config file.  If you intend to run as root, you can set user=root in the config file to avoid this message.
2025-12-06 02:26:11,595 INFO supervisord started with pid 1
2025-12-06 02:26:12,703 INFO spawned: 'nginx' with pid 7
2025-12-06 02:26:12,707 INFO spawned: 'php-fpm' with pid 8
2025-12-06 02:26:13,872 INFO success: nginx entered RUNNING state, process has stayed up for > than 1 seconds (startsecs)
2025-12-06 02:26:13,872 INFO success: php-fpm entered RUNNING state, process has stayed up for > than 1 seconds (startsecs)
2025-12-06 02:41:59,748 WARN received SIGQUIT indicating exit request
2025-12-06 02:41:59,748 INFO waiting for nginx, php-fpm to die
2025-12-06 02:41:59,757 INFO stopped: php-fpm (exit status 0)
2025-12-06 02:41:59,760 INFO stopped: nginx (exit status 0)
2025-12-06 02:42:00,430 CRIT Supervisor is running as root.  Privileges were not dropped because no user is specified in the config file.  If you intend to run as root, you can set user=root in the config file to avoid this message.
2025-12-06 02:42:00,432 INFO supervisord started with pid 1
2025-12-06 02:42:01,435 INFO spawned: 'nginx' with pid 7
2025-12-06 02:42:01,437 INFO spawned: 'php-fpm' with pid 8
2025-12-06 02:42:02,543 INFO success: nginx entered RUNNING state, process has stayed up for > than 1 seconds (startsecs)
2025-12-06 02:42:02,543 INFO success: php-fpm entered RUNNING state, process has stayed up for > than 1 seconds (startsecs)
2025-12-06 02:42:36,579 WARN received SIGQUIT indicating exit request
2025-12-06 02:42:36,580 INFO waiting for nginx, php-fpm to die
2025-12-06 02:42:36,588 INFO stopped: php-fpm (exit status 0)
2025-12-06 02:42:36,592 INFO stopped: nginx (exit status 0)
2025-12-06 02:43:10,059 CRIT Supervisor is running as root.  Privileges were not dropped because no user is specified in the config file.  If you intend to run as root, you can set user=root in the config file to avoid this message.
2025-12-06 02:43:10,062 INFO supervisord started with pid 1
2025-12-06 02:43:11,082 INFO spawned: 'nginx' with pid 7
2025-12-06 02:43:11,084 INFO spawned: 'php-fpm' with pid 8
2025-12-06 02:43:12,161 INFO success: nginx entered RUNNING state, process has stayed up for > than 1 seconds (startsecs)
2025-12-06 02:43:12,161 INFO success: php-fpm entered RUNNING state, process has stayed up for > than 1 seconds (startsecs)
